----------------------------------------------------------------------
---------------- ProcInfo Automation System ----------------
Log file created at 30-07-2026_11-42-05-PM 
----------------------------------------------------------------------

---------------- Process Scanned Report ----------------
{'username': 'NT AUTHORITY\\SYSTEM', 'name': 'System Idle Process', 'pid': 0}
----------------------------------------------------------------------
{'username': 'NT AUTHORITY\\SYSTEM', 'name': 'System', 'pid': 4}
----------------------------------------------------------------------
{'username': None, 'name': 'svchost.exe', 'pid': 68}
----------------------------------------------------------------------
{'username': None, 'name': 'Registry', 'pid': 100}
----------------------------------------------------------------------
{'username': None, 'name': 'smss.exe', 'pid': 428}
----------------------------------------------------------------------
{'username': None, 'name': 'fontdrvhost.exe', 'pid': 512}
----------------------------------------------------------------------
{'username': 'DESKTOP-L6M348N\\Dell', 'name': 'chrome.exe', 'pid': 580}
----------------------------------------------------------------------
{'username': None, 'name': 'svchost.exe', 'pid': 640}
----------------------------------------------------------------------
{'username': None, 'name': 'csrss.exe', 'pid': 652}
----------------------------------------------------------------------
{'username': None, 'name': 'wininit.exe', 'pid': 740}
----------------------------------------------------------------------
{'username': None, 'name': 'dwm.exe', 'pid': 764}
----------------------------------------------------------------------
{'username': None, 'name': 'services.exe', 'pid': 884}
----------------------------------------------------------------------
{'username': None, 'name': 'lsass.exe', 'pid': 892}
----------------------------------------------------------------------
{'username': 'DESKTOP-L6M348N\\Dell', 'name': 'ShellExperienceHost.exe', 'pid': 908}
----------------------------------------------------------------------
{'username': 'DESKTOP-L6M348N\\Dell', 'name': 'cmd.exe', 'pid': 944}
----------------------------------------------------------------------
{'username': None, 'name': 'WUDFHost.exe', 'pid': 960}
----------------------------------------------------------------------
{'username': None, 'name': 'svchost.exe', 'pid': 1060}
----------------------------------------------------------------------
{'username': None, 'name': 'svchost.exe', 'pid': 1128}
----------------------------------------------------------------------
{'username': None, 'name': 'svchost.exe', 'pid': 1228}
----------------------------------------------------------------------
{'username': None, 'name': 'svchost.exe', 'pid': 1236}
----------------------------------------------------------------------
{'username': None, 'name': 'svchost.exe', 'pid': 1268}
----------------------------------------------------------------------
{'username': None, 'name': 'svchost.exe', 'pid': 1332}
----------------------------------------------------------------------
{'username': None, 'name': 'svchost.exe', 'pid': 1344}
----------------------------------------------------------------------
{'username': 'DESKTOP-L6M348N\\Dell', 'name': 'chrome.exe', 'pid': 1380}
----------------------------------------------------------------------
{'username': None, 'name': 'IntelCpHDCPSvc.exe', 'pid': 1512}
----------------------------------------------------------------------
{'username': None, 'name': 'svchost.exe', 'pid': 1548}
----------------------------------------------------------------------
{'username': None, 'name': 'svchost.exe', 'pid': 1632}
----------------------------------------------------------------------
{'username': None, 'name': 'svchost.exe', 'pid': 1660}
----------------------------------------------------------------------
{'username': None, 'name': 'svchost.exe', 'pid': 1680}
----------------------------------------------------------------------
{'username': 'DESKTOP-L6M348N\\Dell', 'name': 'msedgewebview2.exe', 'pid': 1696}
----------------------------------------------------------------------
{'username': 'DESKTOP-L6M348N\\Dell', 'name': 'RuntimeBroker.exe', 'pid': 1716}
----------------------------------------------------------------------
{'username': None, 'name': 'svchost.exe', 'pid': 1848}
----------------------------------------------------------------------
{'username': None, 'name': 'IntelCpHeciSvc.exe', 'pid': 1856}
----------------------------------------------------------------------
{'username': 'DESKTOP-L6M348N\\Dell', 'name': 'msedge.exe', 'pid': 1900}
----------------------------------------------------------------------
{'username': None, 'name': 'svchost.exe', 'pid': 1928}
----------------------------------------------------------------------
{'username': None, 'name': 'svchost.exe', 'pid': 1936}
----------------------------------------------------------------------
{'username': None, 'name': 'svchost.exe', 'pid': 1952}
----------------------------------------------------------------------
{'username': None, 'name': 'svchost.exe', 'pid': 1980}
----------------------------------------------------------------------
{'username': None, 'name': 'svchost.exe', 'pid': 2072}
----------------------------------------------------------------------
{'username': 'DESKTOP-L6M348N\\Dell', 'name': 'msedgewebview2.exe', 'pid': 2108}
----------------------------------------------------------------------
{'username': None, 'name': 'svchost.exe', 'pid': 2124}
----------------------------------------------------------------------
{'username': 'DESKTOP-L6M348N\\Dell', 'name': 'SecurityHealthSystray.exe', 'pid': 2148}
----------------------------------------------------------------------
{'username': None, 'name': 'igfxCUIService.exe', 'pid': 2164}
----------------------------------------------------------------------
{'username': None, 'name': 'svchost.exe', 'pid': 2188}
----------------------------------------------------------------------
{'username': None, 'name': 'svchost.exe', 'pid': 2252}
----------------------------------------------------------------------
{'username': 'DESKTOP-L6M348N\\Dell', 'name': 'svchost.exe', 'pid': 2272}
----------------------------------------------------------------------
{'username': None, 'name': 'svchost.exe', 'pid': 2308}
----------------------------------------------------------------------
{'username': None, 'name': 'svchost.exe', 'pid': 2348}
----------------------------------------------------------------------
{'username': None, 'name': 'svchost.exe', 'pid': 2368}
----------------------------------------------------------------------
{'username': 'DESKTOP-L6M348N\\Dell', 'name': 'chrome.exe', 'pid': 2392}
----------------------------------------------------------------------
{'username': None, 'name': 'svchost.exe', 'pid': 2416}
----------------------------------------------------------------------
{'username': None, 'name': 'svchost.exe', 'pid': 2428}
----------------------------------------------------------------------
{'username': None, 'name': 'svchost.exe', 'pid': 2460}
----------------------------------------------------------------------
{'username': None, 'name': 'svchost.exe', 'pid': 2468}
----------------------------------------------------------------------
{'username': None, 'name': 'MemCompression', 'pid': 2532}
----------------------------------------------------------------------
{'username': None, 'name': 'dasHost.exe', 'pid': 2592}
----------------------------------------------------------------------
{'username': 'DESKTOP-L6M348N\\Dell', 'name': 'svchost.exe', 'pid': 2640}
----------------------------------------------------------------------
{'username': None, 'name': 'svchost.exe', 'pid': 2664}
----------------------------------------------------------------------
{'username': None, 'name': 'svchost.exe', 'pid': 2676}
----------------------------------------------------------------------
{'username': None, 'name': 'svchost.exe', 'pid': 2776}
----------------------------------------------------------------------
{'username': None, 'name': 'svchost.exe', 'pid': 2884}
----------------------------------------------------------------------
{'username': None, 'name': 'RtkAudioService64.exe', 'pid': 2992}
----------------------------------------------------------------------
{'username': None, 'name': 'svchost.exe', 'pid': 3048}
----------------------------------------------------------------------
{'username': None, 'name': 'svchost.exe', 'pid': 3076}
----------------------------------------------------------------------
{'username': None, 'name': 'svchost.exe', 'pid': 3088}
----------------------------------------------------------------------
{'username': 'DESKTOP-L6M348N\\Dell', 'name': 'Code.exe', 'pid': 3112}
----------------------------------------------------------------------
{'username': None, 'name': 'svchost.exe', 'pid': 3124}
----------------------------------------------------------------------
{'username': 'DESKTOP-L6M348N\\Dell', 'name': 'msedgewebview2.exe', 'pid': 3140}
----------------------------------------------------------------------
{'username': 'DESKTOP-L6M348N\\Dell', 'name': 'RAVBg64.exe', 'pid': 3272}
----------------------------------------------------------------------
{'username': None, 'name': 'svchost.exe', 'pid': 3344}
----------------------------------------------------------------------
{'username': None, 'name': 'MpDefenderCoreService.exe', 'pid': 3364}
----------------------------------------------------------------------
{'username': None, 'name': 'svchost.exe', 'pid': 3448}
----------------------------------------------------------------------
{'username': None, 'name': 'spoolsv.exe', 'pid': 3512}
----------------------------------------------------------------------
{'username': None, 'name': 'svchost.exe', 'pid': 3552}
----------------------------------------------------------------------
{'username': None, 'name': 'svchost.exe', 'pid': 3592}
----------------------------------------------------------------------
{'username': None, 'name': 'SynTPEnhService.exe', 'pid': 3600}
----------------------------------------------------------------------
{'username': None, 'name': 'svchost.exe', 'pid': 3772}
----------------------------------------------------------------------
{'username': None, 'name': 'svchost.exe', 'pid': 3784}
----------------------------------------------------------------------
{'username': None, 'name': 'svchost.exe', 'pid': 3792}
----------------------------------------------------------------------
{'username': None, 'name': 'esif_uf.exe', 'pid': 3820}
----------------------------------------------------------------------
{'username': None, 'name': 'AdminService.exe', 'pid': 3828}
----------------------------------------------------------------------
{'username': None, 'name': 'svchost.exe', 'pid': 3888}
----------------------------------------------------------------------
{'username': None, 'name': 'OneApp.IGCC.WinService.exe', 'pid': 3896}
----------------------------------------------------------------------
{'username': None, 'name': 'svchost.exe', 'pid': 3932}
----------------------------------------------------------------------
{'username': None, 'name': 'jhi_service.exe', 'pid': 3976}
----------------------------------------------------------------------
{'username': 'DESKTOP-L6M348N\\Dell', 'name': 'Code.exe', 'pid': 4000}
----------------------------------------------------------------------
{'username': None, 'name': 'svchost.exe', 'pid': 4064}
----------------------------------------------------------------------
{'username': None, 'name': 'svchost.exe', 'pid': 4068}
----------------------------------------------------------------------
{'username': None, 'name': 'svchost.exe', 'pid': 4088}
----------------------------------------------------------------------
{'username': None, 'name': 'LMS.exe', 'pid': 4128}
----------------------------------------------------------------------
{'username': None, 'name': 'WavesSysSvc64.exe', 'pid': 4136}
----------------------------------------------------------------------
{'username': None, 'name': 'svchost.exe', 'pid': 4164}
----------------------------------------------------------------------
{'username': None, 'name': 'MsMpEng.exe', 'pid': 4196}
----------------------------------------------------------------------
{'username': None, 'name': 'WMIRegistrationService.exe', 'pid': 4204}
----------------------------------------------------------------------
{'username': None, 'name': 'svchost.exe', 'pid': 4308}
----------------------------------------------------------------------
{'username': None, 'name': 'svchost.exe', 'pid': 4540}
----------------------------------------------------------------------
{'username': 'DESKTOP-L6M348N\\Dell', 'name': 'msedgewebview2.exe', 'pid': 4584}
----------------------------------------------------------------------
{'username': 'DESKTOP-L6M348N\\Dell', 'name': 'RuntimeBroker.exe', 'pid': 4752}
----------------------------------------------------------------------
{'username': 'DESKTOP-L6M348N\\Dell', 'name': 'chrome.exe', 'pid': 4768}
----------------------------------------------------------------------
{'username': 'DESKTOP-L6M348N\\Dell', 'name': 'SynTPHelper.exe', 'pid': 4796}
----------------------------------------------------------------------
{'username': 'DESKTOP-L6M348N\\Dell', 'name': 'RuntimeBroker.exe', 'pid': 4828}
----------------------------------------------------------------------
{'username': None, 'name': 'svchost.exe', 'pid': 4844}
----------------------------------------------------------------------
{'username': 'DESKTOP-L6M348N\\Dell', 'name': 'msedgewebview2.exe', 'pid': 4872}
----------------------------------------------------------------------
{'username': 'DESKTOP-L6M348N\\Dell', 'name': 'svchost.exe', 'pid': 4896}
----------------------------------------------------------------------
{'username': 'DESKTOP-L6M348N\\Dell', 'name': 'SynTPEnh.exe', 'pid': 5076}
----------------------------------------------------------------------
{'username': 'DESKTOP-L6M348N\\Dell', 'name': 'CompPkgSrv.exe', 'pid': 5244}
----------------------------------------------------------------------
{'username': 'DESKTOP-L6M348N\\Dell', 'name': 'RuntimeBroker.exe', 'pid': 5332}
----------------------------------------------------------------------
{'username': None, 'name': 'AggregatorHost.exe', 'pid': 5556}
----------------------------------------------------------------------
{'username': 'DESKTOP-L6M348N\\Dell', 'name': 'TextInputHost.exe', 'pid': 5776}
----------------------------------------------------------------------
{'username': None, 'name': 'dllhost.exe', 'pid': 5940}
----------------------------------------------------------------------
{'username': None, 'name': 'svchost.exe', 'pid': 6284}
----------------------------------------------------------------------
{'username': 'DESKTOP-L6M348N\\Dell', 'name': 'Code.exe', 'pid': 6292}
----------------------------------------------------------------------
{'username': 'DESKTOP-L6M348N\\Dell', 'name': 'chrome.exe', 'pid': 6380}
----------------------------------------------------------------------
{'username': None, 'name': 'svchost.exe', 'pid': 6384}
----------------------------------------------------------------------
{'username': None, 'name': 'OfficeClickToRun.exe', 'pid': 6484}
----------------------------------------------------------------------
{'username': 'DESKTOP-L6M348N\\Dell', 'name': 'chrome.exe', 'pid': 6596}
----------------------------------------------------------------------
{'username': None, 'name': 'svchost.exe', 'pid': 6716}
----------------------------------------------------------------------
{'username': None, 'name': 'svchost.exe', 'pid': 6824}
----------------------------------------------------------------------
{'username': None, 'name': 'svchost.exe', 'pid': 6868}
----------------------------------------------------------------------
{'username': 'DESKTOP-L6M348N\\Dell', 'name': 'Code.exe', 'pid': 6920}
----------------------------------------------------------------------
{'username': 'DESKTOP-L6M348N\\Dell', 'name': 'msedge.exe', 'pid': 6976}
----------------------------------------------------------------------
{'username': 'DESKTOP-L6M348N\\Dell', 'name': 'WavesSvc64.exe', 'pid': 7008}
----------------------------------------------------------------------
{'username': None, 'name': 'svchost.exe', 'pid': 7052}
----------------------------------------------------------------------
{'username': 'DESKTOP-L6M348N\\Dell', 'name': 'msedge.exe', 'pid': 7160}
----------------------------------------------------------------------
{'username': None, 'name': 'SecurityHealthService.exe', 'pid': 7188}
----------------------------------------------------------------------
{'username': None, 'name': 'svchost.exe', 'pid': 7324}
----------------------------------------------------------------------
{'username': 'DESKTOP-L6M348N\\Dell', 'name': 'chrome.exe', 'pid': 7472}
----------------------------------------------------------------------
{'username': 'DESKTOP-L6M348N\\Dell', 'name': 'chrome.exe', 'pid': 7728}
----------------------------------------------------------------------
{'username': 'DESKTOP-L6M348N\\Dell', 'name': 'msedgewebview2.exe', 'pid': 7956}
----------------------------------------------------------------------
{'username': 'DESKTOP-L6M348N\\Dell', 'name': 'StartMenuExperienceHost.exe', 'pid': 8212}
----------------------------------------------------------------------
{'username': None, 'name': 'NisSrv.exe', 'pid': 8364}
----------------------------------------------------------------------
{'username': 'DESKTOP-L6M348N\\Dell', 'name': 'SearchApp.exe', 'pid': 8536}
----------------------------------------------------------------------
{'username': 'DESKTOP-L6M348N\\Dell', 'name': 'conhost.exe', 'pid': 8620}
----------------------------------------------------------------------
{'username': None, 'name': 'svchost.exe', 'pid': 9016}
----------------------------------------------------------------------
{'username': None, 'name': 'fontdrvhost.exe', 'pid': 9144}
----------------------------------------------------------------------
{'username': 'DESKTOP-L6M348N\\Dell', 'name': 'FileCoAuth.exe', 'pid': 9188}
----------------------------------------------------------------------
{'username': None, 'name': 'svchost.exe', 'pid': 9264}
----------------------------------------------------------------------
{'username': None, 'name': 'MoUsoCoreWorker.exe', 'pid': 9396}
----------------------------------------------------------------------
{'username': 'DESKTOP-L6M348N\\Dell', 'name': 'chrome.exe', 'pid': 9460}
----------------------------------------------------------------------
{'username': None, 'name': 'winlogon.exe', 'pid': 9504}
----------------------------------------------------------------------
{'username': None, 'name': 'svchost.exe', 'pid': 9512}
----------------------------------------------------------------------
{'username': 'DESKTOP-L6M348N\\Dell', 'name': 'svchost.exe', 'pid': 9652}
----------------------------------------------------------------------
{'username': 'DESKTOP-L6M348N\\Dell', 'name': 'msedgewebview2.exe', 'pid': 9804}
----------------------------------------------------------------------
{'username': 'DESKTOP-L6M348N\\Dell', 'name': 'LockApp.exe', 'pid': 9972}
----------------------------------------------------------------------
{'username': 'DESKTOP-L6M348N\\Dell', 'name': 'explorer.exe', 'pid': 10052}
----------------------------------------------------------------------
{'username': 'DESKTOP-L6M348N\\Dell', 'name': 'Code.exe', 'pid': 10088}
----------------------------------------------------------------------
{'username': 'DESKTOP-L6M348N\\Dell', 'name': 'Code.exe', 'pid': 10292}
----------------------------------------------------------------------
{'username': None, 'name': 'csrss.exe', 'pid': 10304}
----------------------------------------------------------------------
{'username': None, 'name': 'svchost.exe', 'pid': 10368}
----------------------------------------------------------------------
{'username': 'DESKTOP-L6M348N\\Dell', 'name': 'python.exe', 'pid': 10444}
----------------------------------------------------------------------
{'username': None, 'name': 'svchost.exe', 'pid': 10448}
----------------------------------------------------------------------
{'username': 'DESKTOP-L6M348N\\Dell', 'name': 'Code.exe', 'pid': 10468}
----------------------------------------------------------------------
{'username': 'DESKTOP-L6M348N\\Dell', 'name': 'msedgewebview2.exe', 'pid': 10852}
----------------------------------------------------------------------
{'username': None, 'name': 'svchost.exe', 'pid': 10924}
----------------------------------------------------------------------
{'username': 'DESKTOP-L6M348N\\Dell', 'name': 'smartscreen.exe', 'pid': 11016}
----------------------------------------------------------------------
{'username': 'DESKTOP-L6M348N\\Dell', 'name': 'M365Copilot.exe', 'pid': 11056}
----------------------------------------------------------------------
{'username': 'DESKTOP-L6M348N\\Dell', 'name': 'taskhostw.exe', 'pid': 11080}
----------------------------------------------------------------------
{'username': 'DESKTOP-L6M348N\\Dell', 'name': 'Code.exe', 'pid': 11128}
----------------------------------------------------------------------
{'username': None, 'name': 'svchost.exe', 'pid': 11196}
----------------------------------------------------------------------
{'username': 'DESKTOP-L6M348N\\Dell', 'name': 'RtkNGUI64.exe', 'pid': 11216}
----------------------------------------------------------------------
{'username': 'DESKTOP-L6M348N\\Dell', 'name': 'sihost.exe', 'pid': 11748}
----------------------------------------------------------------------
{'username': None, 'name': 'RAVBg64.exe', 'pid': 11772}
----------------------------------------------------------------------
{'username': 'DESKTOP-L6M348N\\Dell', 'name': 'msedgewebview2.exe', 'pid': 11908}
----------------------------------------------------------------------
{'username': 'DESKTOP-L6M348N\\Dell', 'name': 'msedgewebview2.exe', 'pid': 11928}
----------------------------------------------------------------------
{'username': None, 'name': 'svchost.exe', 'pid': 12004}
----------------------------------------------------------------------
{'username': None, 'name': 'svchost.exe', 'pid': 12144}
----------------------------------------------------------------------
{'username': 'DESKTOP-L6M348N\\Dell', 'name': 'chrome.exe', 'pid': 12236}
----------------------------------------------------------------------
{'username': 'DESKTOP-L6M348N\\Dell', 'name': 'msedge.exe', 'pid': 12244}
----------------------------------------------------------------------
{'username': 'DESKTOP-L6M348N\\Dell', 'name': 'svchost.exe', 'pid': 12268}
----------------------------------------------------------------------
{'username': 'DESKTOP-L6M348N\\Dell', 'name': 'RuntimeBroker.exe', 'pid': 12336}
----------------------------------------------------------------------
{'username': 'DESKTOP-L6M348N\\Dell', 'name': 'dptf_helper.exe', 'pid': 12468}
----------------------------------------------------------------------
{'username': 'DESKTOP-L6M348N\\Dell', 'name': 'taskhostw.exe', 'pid': 12476}
----------------------------------------------------------------------
{'username': 'DESKTOP-L6M348N\\Dell', 'name': 'RuntimeBroker.exe', 'pid': 12560}
----------------------------------------------------------------------
{'username': 'DESKTOP-L6M348N\\Dell', 'name': 'msedgewebview2.exe', 'pid': 12740}
----------------------------------------------------------------------
{'username': 'DESKTOP-L6M348N\\Dell', 'name': 'igfxEM.exe', 'pid': 12752}
----------------------------------------------------------------------
{'username': 'DESKTOP-L6M348N\\Dell', 'name': 'python.exe', 'pid': 12836}
----------------------------------------------------------------------
{'username': None, 'name': 'fodhelper.exe', 'pid': 12856}
----------------------------------------------------------------------
{'username': None, 'name': 'elevation_service.exe', 'pid': 12888}
----------------------------------------------------------------------
{'username': None, 'name': 'TiWorker.exe', 'pid': 12920}
----------------------------------------------------------------------
{'username': 'DESKTOP-L6M348N\\Dell', 'name': 'UserOOBEBroker.exe', 'pid': 13012}
----------------------------------------------------------------------
{'username': None, 'name': 'TrustedInstaller.exe', 'pid': 13296}
----------------------------------------------------------------------
{'username': None, 'name': 'svchost.exe', 'pid': 13340}
----------------------------------------------------------------------
{'username': 'DESKTOP-L6M348N\\Dell', 'name': 'ctfmon.exe', 'pid': 13612}
----------------------------------------------------------------------
{'username': 'DESKTOP-L6M348N\\Dell', 'name': 'RuntimeBroker.exe', 'pid': 14064}
----------------------------------------------------------------------
{'username': 'DESKTOP-L6M348N\\Dell', 'name': 'SearchApp.exe', 'pid': 14272}
----------------------------------------------------------------------
{'username': 'DESKTOP-L6M348N\\Dell', 'name': 'msedgewebview2.exe', 'pid': 14280}
----------------------------------------------------------------------
{'username': 'DESKTOP-L6M348N\\Dell', 'name': 'msedge.exe', 'pid': 14612}
----------------------------------------------------------------------
{'username': None, 'name': 'armsvc.exe', 'pid': 14760}
----------------------------------------------------------------------
{'username': None, 'name': 'SearchIndexer.exe', 'pid': 14772}
----------------------------------------------------------------------
{'username': None, 'name': 'svchost.exe', 'pid': 14808}
----------------------------------------------------------------------
{'username': 'DESKTOP-L6M348N\\Dell', 'name': 'notepad.exe', 'pid': 15224}
----------------------------------------------------------------------
{'username': 'DESKTOP-L6M348N\\Dell', 'name': 'OneDrive.exe', 'pid': 15412}
----------------------------------------------------------------------
{'username': 'DESKTOP-L6M348N\\Dell', 'name': 'dllhost.exe', 'pid': 15552}
----------------------------------------------------------------------
{'username': 'DESKTOP-L6M348N\\Dell', 'name': 'Code.exe', 'pid': 15652}
----------------------------------------------------------------------
{'username': 'DESKTOP-L6M348N\\Dell', 'name': 'chrome.exe', 'pid': 15676}
----------------------------------------------------------------------
{'username': 'DESKTOP-L6M348N\\Dell', 'name': 'Code.exe', 'pid': 16048}
----------------------------------------------------------------------
----------------------------------------------------------------------
Notification has been sent successfuly to receiver manojsonawane810@gmail.com 
----------------------------------------------------------------------
----------------------------------------------------------------------
---------------- End of Log file ----------------
----------------------------------------------------------------------
